Contaminació mitjana: 58.40
Dies amb amb contaminació superior: 2
